fatal error: no acceptable raidz3 layout is possible with 16 disks and 0 spares
